▲ Next.js 16.3.4
- Local:         http://localhost:3100
- Network:       http://172.17.112.1:3100
✓ Ready in 765ms
⚠ Attempted to load @next/swc-win32-x64-msvc, but an error occurred: \\?\C:\Users\Rebo\Desktop\StudyZone\node_modules\@next\swc-win32-x64-msvc\next-swc.win32-x64-msvc.node is not a valid Win32 application.
\\?\C:\Users\Rebo\Desktop\StudyZone\node_modules\@next\swc-win32-x64-msvc\next-swc.win32-x64-msvc.node
⚠ Warning: Next.js ignored package-lock.json in C:\Users\Rebo because it is outside the current Git repository (C:\Users\Rebo\Desktop\StudyZone).
 To use this directory, set `outputFileTracingRoot` in your Next.js config.

✓ Running next.config.ts took 719ms
◇ injected env (0) from .env.local // tip: ⌘ multiple files { path: ['.env.local', '.env'] }
[api:health] 
Invalid `prisma.spot.count()` invocation:



[api:admin-orders] 
Invalid `prisma.order.findMany()` invocation:



[api:admin-stats] 
Invalid `prisma.$queryRaw()` invocation:



[api:admin-orders] 
Invalid `prisma.order.findMany()` invocation:



[api:admin-stats] 
Invalid `prisma.$queryRaw()` invocation:



[api:admin-orders] 
Invalid `prisma.order.findMany()` invocation:



[api:admin-orders] 
Invalid `prisma.order.findMany()` invocation:



[api:admin-stats] 
Invalid `prisma.$queryRaw()` invocation:



[api:admin-orders] 
Invalid `prisma.order.findMany()` invocation:



[api:admin-orders] 
Invalid `prisma.order.findMany()` invocation:



[api:admin-stats] 
Invalid `prisma.$queryRaw()` invocation:



[api:admin-orders] 
Invalid `prisma.order.findMany()` invocation:



[api:admin-stats] 
Invalid `prisma.$queryRaw()` invocation:



[api:admin-orders] 
Invalid `prisma.order.findMany()` invocation:



[api:admin-orders] 
Invalid `prisma.order.findMany()` invocation:



[api:admin-stats] 
Invalid `prisma.$queryRaw()` invocation:



[api:admin-orders] 
Invalid `prisma.order.findMany()` invocation:



[api:admin-orders] 
Invalid `prisma.order.findMany()` invocation:



[api:admin-stats] 
Invalid `prisma.$queryRaw()` invocation:



[api:admin-orders] 
Invalid `prisma.order.findMany()` invocation:



